# serializer version: 1
# name: test_fast_nonlocal_calc_multidipole_phase_snapshot
  list([
    list([
      -0.0,
      -0.0,
    ]),
    list([
      -0.0,
      3.141592653589793,
    ]),
  ])
# ---
# name: test_fast_spin_qubit_frequency_tarucha_calc
  list([
    list([
      1.1471308805198364,
      0.042486328908142086,
    ]),
    list([
      0.0008292459978410822,
      0.0006214312613006971,
    ]),
  ])
# ---
