# serializer version: 1
# name: test_fast_nonlocal_calc_multidipole_phase_snapshot
  list([
    list([
      -0.0,
      -0.0,
    ]),
    list([
      -0.0,
      3.141592653589793,
    ]),
  ])
# ---
# name: test_fast_spin_qubit_frequency_tarucha_calc
  list([
    list([
      0.24485375860291592,
      0.009068657726033923,
    ]),
    list([
      0.0001499877991005419,
      0.00011239982757520363,
    ]),
  ])
# ---
